// Jest Snapshot v1, https://goo.gl/fbAQLP

exports[`Item component matches item snapshot 1`] = `
<DocumentFragment>
  <div>
    <img
      alt="mainImage"
    />
    <p>
      Iridescent Sequin Bodycon Dress in Pink
    </p>
  </div>
</DocumentFragment>
`;
